
Allocating common symbols
Common symbol       size              file

pVal                0x4               Pressure_Sensor.o

Memory Configuration

Name             Origin             Length             Attributes
flash            0x00000000         0x20000000         xr
sram             0x20000000         0x20000000         xrw
*default*        0x00000000         0xffffffff

Linker script and memory map


.text           0x00000000      0x1f0
 *(.vectors*)
 .vectors       0x00000000       0x1c startup.o
                0x00000000                vectors
 *(.text*)
 .text          0x0000001c       0x1c Alarm_Actuator.o
                0x0000001c                start_alarm
                0x0000002a                stop_alarm
 .text          0x00000038       0x18 Alarm_Monitor.o
                0x00000038                alarmON
                0x00000044                alarmOFF
 .text          0x00000050       0x30 Pressure_Sensor.o
                0x00000050                read_Psensor
                0x00000070                waiting
 .text          0x00000080       0xc4 driver.o
                0x00000080                Delay
                0x000000a0                getPressureVal
                0x000000b8                Set_Alarm_actuator
                0x000000f4                GPIO_INITIALIZATION
 .text          0x00000144       0x64 main.o
                0x00000182                main
 .text          0x000001a8       0x48 startup.o
                0x000001a8                Reset_Handler
                0x000001b4                NMI_Handler
                0x000001c0                H_fault_Handler
                0x000001cc                MM_Fault_Handler
                0x000001d8                Bus_Fault
                0x000001e4                Usage_Fault_Handler
 *(.rodata)
                0x000001f0                _E_text = .

.glue_7         0x000001f0        0x0
 .glue_7        0x000001f0        0x0 linker stubs

.glue_7t        0x000001f0        0x0
 .glue_7t       0x000001f0        0x0 linker stubs

.vfp11_veneer   0x000001f0        0x0
 .vfp11_veneer  0x000001f0        0x0 linker stubs

.v4_bx          0x000001f0        0x0
 .v4_bx         0x000001f0        0x0 linker stubs

.iplt           0x000001f0        0x0
 .iplt          0x000001f0        0x0 Alarm_Actuator.o

.rel.dyn        0x000001f0        0x0
 .rel.iplt      0x000001f0        0x0 Alarm_Actuator.o

.data           0x20000000        0x0 load address 0x000001f0
                0x20000000                _S_DATA = .
 *(.data)
 .data          0x20000000        0x0 Alarm_Actuator.o
 .data          0x20000000        0x0 Alarm_Monitor.o
 .data          0x20000000        0x0 Pressure_Sensor.o
 .data          0x20000000        0x0 driver.o
 .data          0x20000000        0x0 main.o
 .data          0x20000000        0x0 startup.o
                0x20000000                . = ALIGN (0x4)
                0x20000000                _E_DATA = .

.igot.plt       0x20000000        0x0 load address 0x000001f0
 .igot.plt      0x20000000        0x0 Alarm_Actuator.o

.bss            0x20000000        0x4 load address 0x000001f0
                0x20000000                _S_bss = .
 *(.bss)
 .bss           0x20000000        0x0 Alarm_Actuator.o
 .bss           0x20000000        0x0 Alarm_Monitor.o
 .bss           0x20000000        0x0 Pressure_Sensor.o
 .bss           0x20000000        0x0 driver.o
 .bss           0x20000000        0x0 main.o
 .bss           0x20000000        0x0 startup.o
                0x20000000                _E_bss = .
 COMMON         0x20000000        0x4 Pressure_Sensor.o
                0x20000000                pVal
LOAD Alarm_Actuator.o
LOAD Alarm_Monitor.o
LOAD Pressure_Sensor.o
LOAD driver.o
LOAD main.o
LOAD startup.o
OUTPUT(Pressure_Detection.elf elf32-littlearm)

.debug_info     0x00000000     0x16ac
 .debug_info    0x00000000       0x7b Alarm_Actuator.o
 .debug_info    0x0000007b       0x7b Alarm_Monitor.o
 .debug_info    0x000000f6       0x91 Pressure_Sensor.o
 .debug_info    0x00000187      0xa05 driver.o
 .debug_info    0x00000b8c      0x9ee main.o
 .debug_info    0x0000157a      0x132 startup.o

.debug_abbrev   0x00000000      0x55a
 .debug_abbrev  0x00000000       0x63 Alarm_Actuator.o
 .debug_abbrev  0x00000063       0x63 Alarm_Monitor.o
 .debug_abbrev  0x000000c6       0x76 Pressure_Sensor.o
 .debug_abbrev  0x0000013c      0x1de driver.o
 .debug_abbrev  0x0000031a      0x1a4 main.o
 .debug_abbrev  0x000004be       0x9c startup.o

.debug_loc      0x00000000      0x3d8
 .debug_loc     0x00000000       0x58 Alarm_Actuator.o
 .debug_loc     0x00000058       0x58 Alarm_Monitor.o
 .debug_loc     0x000000b0       0x58 Pressure_Sensor.o
 .debug_loc     0x00000108      0x140 driver.o
 .debug_loc     0x00000248       0x88 main.o
 .debug_loc     0x000002d0      0x108 startup.o

.debug_aranges  0x00000000       0xc0
 .debug_aranges
                0x00000000       0x20 Alarm_Actuator.o
 .debug_aranges
                0x00000020       0x20 Alarm_Monitor.o
 .debug_aranges
                0x00000040       0x20 Pressure_Sensor.o
 .debug_aranges
                0x00000060       0x20 driver.o
 .debug_aranges
                0x00000080       0x20 main.o
 .debug_aranges
                0x000000a0       0x20 startup.o

.debug_line     0x00000000      0x4e0
 .debug_line    0x00000000       0x43 Alarm_Actuator.o
 .debug_line    0x00000043       0x42 Alarm_Monitor.o
 .debug_line    0x00000085       0x46 Pressure_Sensor.o
 .debug_line    0x000000cb      0x1b9 driver.o
 .debug_line    0x00000284      0x13d main.o
 .debug_line    0x000003c1      0x11f startup.o

.debug_str      0x00000000      0x5f3
 .debug_str     0x00000000       0xb0 Alarm_Actuator.o
 .debug_str     0x000000b0       0x21 Alarm_Monitor.o
                                 0xad (size before relaxing)
 .debug_str     0x000000d1       0x41 Pressure_Sensor.o
                                 0xb6 (size before relaxing)
 .debug_str     0x00000112      0x448 driver.o
                                0x546 (size before relaxing)
 .debug_str     0x0000055a       0x2e main.o
                                0x519 (size before relaxing)
 .debug_str     0x00000588       0x6b startup.o
                                0x17d (size before relaxing)

.comment        0x00000000       0x7e
 .comment       0x00000000       0x7e Alarm_Actuator.o
                                 0x7f (size before relaxing)
 .comment       0x0000007e       0x7f Alarm_Monitor.o
 .comment       0x0000007e       0x7f Pressure_Sensor.o
 .comment       0x0000007e       0x7f driver.o
 .comment       0x0000007e       0x7f main.o
 .comment       0x0000007e       0x7f startup.o

.ARM.attributes
                0x00000000       0x33
 .ARM.attributes
                0x00000000       0x33 Alarm_Actuator.o
 .ARM.attributes
                0x00000033       0x33 Alarm_Monitor.o
 .ARM.attributes
                0x00000066       0x33 Pressure_Sensor.o
 .ARM.attributes
                0x00000099       0x33 driver.o
 .ARM.attributes
                0x000000cc       0x33 main.o
 .ARM.attributes
                0x000000ff       0x33 startup.o

.debug_frame    0x00000000      0x288
 .debug_frame   0x00000000       0x48 Alarm_Actuator.o
 .debug_frame   0x00000048       0x48 Alarm_Monitor.o
 .debug_frame   0x00000090       0x48 Pressure_Sensor.o
 .debug_frame   0x000000d8       0xa0 driver.o
 .debug_frame   0x00000178       0x58 main.o
 .debug_frame   0x000001d0       0xb8 startup.o
